Archive member included to satisfy reference by file (symbol)

.\CortexM3\ARM_GCC_541\Debug\Instrumentacion.a(Serial.o)
                              .\CortexM3\ARM_GCC_541\Debug\main.o (Serial_Start)
.\CortexM3\ARM_GCC_541\Debug\Instrumentacion.a(isrUART.o)
                              .\CortexM3\ARM_GCC_541\Debug\main.o (isrUART_StartEx)
.\CortexM3\ARM_GCC_541\Debug\Instrumentacion.a(Serial_IntClock.o)
                              .\CortexM3\ARM_GCC_541\Debug\Instrumentacion.a(Serial.o) (Serial_IntClock_Start)
.\CortexM3\ARM_GCC_541\Debug\Instrumentacion.a(CyLib.o)
                              .\CortexM3\ARM_GCC_541\Debug\Cm3Start.o (CyHalt)
.\CortexM3\ARM_GCC_541\Debug\Instrumentacion.a(cyPm.o)
                              .\CortexM3\ARM_GCC_541\Debug\Instrumentacion.a(CyLib.o) (CyPmReadStatus)
.\CortexM3\ARM_GCC_541\Debug\Instrumentacion.a(LEDS.o)
                              .\CortexM3\ARM_GCC_541\Debug\main.o (LEDS_Write)
.\CortexM3\ARM_GCC_541\Debug\Instrumentacion.a(CyBootAsmGnu.o)
                              .\CortexM3\ARM_GCC_541\Debug\cyfitter_cfg.o (CyDelayCycles)
.\CortexM3\ARM_GCC_541\Debug\Instrumentacion.a(CyFlash.o)
                              .\CortexM3\ARM_GCC_541\Debug\Instrumentacion.a(cyPm.o) (CyFlash_SetWaitCycles)
.\CortexM3\ARM_GCC_541\Debug\Instrumentacion.a(CySpc.o)
                              .\CortexM3\ARM_GCC_541\Debug\Instrumentacion.a(CyFlash.o) (CySpcStart)
c:/program files (x86)/cypress/psoc creator/4.4/psoc creator/import/gnu/arm/5.4.1/bin/../lib/gcc/arm-none-eabi/5.4.1/../../../../arm-none-eabi/lib/armv7-m\libg_nano.a(lib_a-errno.o)
                              .\CortexM3\ARM_GCC_541\Debug\Cm3Start.o (__errno)
c:/program files (x86)/cypress/psoc creator/4.4/psoc creator/import/gnu/arm/5.4.1/bin/../lib/gcc/arm-none-eabi/5.4.1/../../../../arm-none-eabi/lib/armv7-m\libg_nano.a(lib_a-exit.o)
                              c:/program files (x86)/cypress/psoc creator/4.4/psoc creator/import/gnu/arm/5.4.1/bin/../lib/gcc/arm-none-eabi/5.4.1/../../../../arm-none-eabi/lib/armv7-m/crt0.o (exit)
c:/program files (x86)/cypress/psoc creator/4.4/psoc creator/import/gnu/arm/5.4.1/bin/../lib/gcc/arm-none-eabi/5.4.1/../../../../arm-none-eabi/lib/armv7-m\libg_nano.a(lib_a-impure.o)
                              c:/program files (x86)/cypress/psoc creator/4.4/psoc creator/import/gnu/arm/5.4.1/bin/../lib/gcc/arm-none-eabi/5.4.1/../../../../arm-none-eabi/lib/armv7-m\libg_nano.a(lib_a-exit.o) (_global_impure_ptr)
c:/program files (x86)/cypress/psoc creator/4.4/psoc creator/import/gnu/arm/5.4.1/bin/../lib/gcc/arm-none-eabi/5.4.1/../../../../arm-none-eabi/lib/armv7-m\libg_nano.a(lib_a-init.o)
                              c:/program files (x86)/cypress/psoc creator/4.4/psoc creator/import/gnu/arm/5.4.1/bin/../lib/gcc/arm-none-eabi/5.4.1/../../../../arm-none-eabi/lib/armv7-m/crt0.o (__libc_init_array)
c:/program files (x86)/cypress/psoc creator/4.4/psoc creator/import/gnu/arm/5.4.1/bin/../lib/gcc/arm-none-eabi/5.4.1/../../../../arm-none-eabi/lib/armv7-m\libg_nano.a(lib_a-memcpy-stub.o)
                              .\CortexM3\ARM_GCC_541\Debug\cyfitter_cfg.o (memcpy)
c:/program files (x86)/cypress/psoc creator/4.4/psoc creator/import/gnu/arm/5.4.1/bin/../lib/gcc/arm-none-eabi/5.4.1/../../../../arm-none-eabi/lib/armv7-m\libg_nano.a(lib_a-memset.o)
                              c:/program files (x86)/cypress/psoc creator/4.4/psoc creator/import/gnu/arm/5.4.1/bin/../lib/gcc/arm-none-eabi/5.4.1/../../../../arm-none-eabi/lib/armv7-m/crt0.o (memset)

Allocating common symbols
Common symbol       size              file

dieTemperature      0x2               .\CortexM3\ARM_GCC_541\Debug\Instrumentacion.a(CyFlash.o)

Discarded input sections

 .text          0x00000000        0x0 c:/program files (x86)/cypress/psoc creator/4.4/psoc creator/import/gnu/arm/5.4.1/bin/../lib/gcc/arm-none-eabi/5.4.1/armv7-m/crti.o
 .data          0x00000000        0x0 c:/program files (x86)/cypress/psoc creator/4.4/psoc creator/import/gnu/arm/5.4.1/bin/../lib/gcc/arm-none-eabi/5.4.1/armv7-m/crti.o
 .bss           0x00000000        0x0 c:/program files (x86)/cypress/psoc creator/4.4/psoc creator/import/gnu/arm/5.4.1/bin/../lib/gcc/arm-none-eabi/5.4.1/armv7-m/crti.o
 .data          0x00000000        0x4 c:/program files (x86)/cypress/psoc creator/4.4/psoc creator/import/gnu/arm/5.4.1/bin/../lib/gcc/arm-none-eabi/5.4.1/armv7-m/crtbegin.o
 .text          0x00000000       0x74 c:/program files (x86)/cypress/psoc creator/4.4/psoc creator/import/gnu/arm/5.4.1/bin/../lib/gcc/arm-none-eabi/5.4.1/../../../../arm-none-eabi/lib/armv7-m/crt0.o
 .data          0x00000000        0x0 c:/program files (x86)/cypress/psoc creator/4.4/psoc creator/import/gnu/arm/5.4.1/bin/../lib/gcc/arm-none-eabi/5.4.1/../../../../arm-none-eabi/lib/armv7-m/crt0.o
 .bss           0x00000000        0x0 c:/program files (x86)/cypress/psoc creator/4.4/psoc creator/import/gnu/arm/5.4.1/bin/../lib/gcc/arm-none-eabi/5.4.1/../../../../arm-none-eabi/lib/armv7-m/crt0.o
 .ARM.extab     0x00000000        0x0 c:/program files (x86)/cypress/psoc creator/4.4/psoc creator/import/gnu/arm/5.4.1/bin/../lib/gcc/arm-none-eabi/5.4.1/../../../../arm-none-eabi/lib/armv7-m/crt0.o
 .ARM.exidx     0x00000000        0x8 c:/program files (x86)/cypress/psoc creator/4.4/psoc creator/import/gnu/arm/5.4.1/bin/../lib/gcc/arm-none-eabi/5.4.1/../../../../arm-none-eabi/lib/armv7-m/crt0.o
 .text          0x00000000        0x0 .\CortexM3\ARM_GCC_541\Debug\main.o
 .text          0x00000000        0x0 .\CortexM3\ARM_GCC_541\Debug\Cypress_DevBoard.o
 .data          0x00000000        0x3 .\CortexM3\ARM_GCC_541\Debug\Cypress_DevBoard.o
 .bss           0x00000000       0x18 .\CortexM3\ARM_GCC_541\Debug\Cypress_DevBoard.o
 .text.LCD_WriteControlNibble
                0x00000000       0x30 .\CortexM3\ARM_GCC_541\Debug\Cypress_DevBoard.o
 .text.LCD_WriteControl
                0x00000000       0x14 .\CortexM3\ARM_GCC_541\Debug\Cypress_DevBoard.o
 .text.LCD_ClearDisplay
                0x00000000       0x10 .\CortexM3\ARM_GCC_541\Debug\Cypress_DevBoard.o
 .text.LCD_Position
                0x00000000       0x4c .\CortexM3\ARM_GCC_541\Debug\Cypress_DevBoard.o
 .text.init_LCD
                0x00000000       0x84 .\CortexM3\ARM_GCC_541\Debug\Cypress_DevBoard.o
 .text.LCD_WriteDataNibble
                0x00000000       0x30 .\CortexM3\ARM_GCC_541\Debug\Cypress_DevBoard.o
 .text.LCD_WriteData
                0x00000000       0x14 .\CortexM3\ARM_GCC_541\Debug\Cypress_DevBoard.o
 .text.LCD_PrintString
                0x00000000       0x18 .\CortexM3\ARM_GCC_541\Debug\Cypress_DevBoard.o
 .text.LCD_PutChar
                0x00000000        0x8 .\CortexM3\ARM_GCC_541\Debug\Cypress_DevBoard.o
 .text.LCD_PrintHex8
                0x00000000       0x58 .\CortexM3\ARM_GCC_541\Debug\Cypress_DevBoard.o
 .text.LCD_PrintHex16
                0x00000000       0x5c .\CortexM3\ARM_GCC_541\Debug\Cypress_DevBoard.o
 .text.LCD_PrintHex
                0x00000000       0x90 .\CortexM3\ARM_GCC_541\Debug\Cypress_DevBoard.o
 .text.LCD_PrintNumber
                0x00000000       0x8c .\CortexM3\ARM_GCC_541\Debug\Cypress_DevBoard.o
 .text          0x00000000        0x0 .\CortexM3\ARM_GCC_541\Debug\cyfitter_cfg.o
 .data          0x00000000        0x0 .\CortexM3\ARM_GCC_541\Debug\cyfitter_cfg.o
 .bss           0x00000000        0x0 .\CortexM3\ARM_GCC_541\Debug\cyfitter_cfg.o
 .text.SetAnalogRoutingPumps
                0x00000000       0x10 .\CortexM3\ARM_GCC_541\Debug\cyfitter_cfg.o
 .text          0x00000000        0x0 .\CortexM3\ARM_GCC_541\Debug\cymetadata.o
 .data          0x00000000        0x0 .\CortexM3\ARM_GCC_541\Debug\cymetadata.o
 .bss           0x00000000        0x0 .\CortexM3\ARM_GCC_541\Debug\cymetadata.o
 .text          0x00000000        0x0 .\CortexM3\ARM_GCC_541\Debug\Cm3Start.o
 .data          0x00000000        0x4 .\CortexM3\ARM_GCC_541\Debug\Cm3Start.o
 .bss           0x00000000        0x0 .\CortexM3\ARM_GCC_541\Debug\Cm3Start.o
 .text._exit    0x00000000        0xc .\CortexM3\ARM_GCC_541\Debug\Cm3Start.o
 .text._sbrk    0x00000000       0x30 .\CortexM3\ARM_GCC_541\Debug\Cm3Start.o
 .text          0x00000000        0x0 .\CortexM3\ARM_GCC_541\Debug\Instrumentacion.a(Serial.o)
 .data          0x00000000        0x0 .\CortexM3\ARM_GCC_541\Debug\Instrumentacion.a(Serial.o)
 .text.Serial_Stop
                0x00000000       0x3c .\CortexM3\ARM_GCC_541\Debug\Instrumentacion.a(Serial.o)
 .text.Serial_ReadControlRegister
                0x00000000        0x4 .\CortexM3\ARM_GCC_541\Debug\Instrumentacion.a(Serial.o)
 .text.Serial_WriteControlRegister
                0x00000000        0x4 .\CortexM3\ARM_GCC_541\Debug\Instrumentacion.a(Serial.o)
 .text.Serial_SetRxInterruptMode
                0x00000000        0xc .\CortexM3\ARM_GCC_541\Debug\Instrumentacion.a(Serial.o)
 .text.Serial_ReadRxData
                0x00000000        0xc .\CortexM3\ARM_GCC_541\Debug\Instrumentacion.a(Serial.o)
 .text.Serial_ReadRxStatus
                0x00000000       0x10 .\CortexM3\ARM_GCC_541\Debug\Instrumentacion.a(Serial.o)
 .text.Serial_GetByte
                0x00000000       0x14 .\CortexM3\ARM_GCC_541\Debug\Instrumentacion.a(Serial.o)
 .text.Serial_GetRxBufferSize
                0x00000000       0x18 .\CortexM3\ARM_GCC_541\Debug\Instrumentacion.a(Serial.o)
 .text.Serial_ClearRxBuffer
                0x00000000       0x24 .\CortexM3\ARM_GCC_541\Debug\Instrumentacion.a(Serial.o)
 .text.Serial_SetRxAddressMode
                0x00000000        0x4 .\CortexM3\ARM_GCC_541\Debug\Instrumentacion.a(Serial.o)
 .text.Serial_SetRxAddress1
                0x00000000        0xc .\CortexM3\ARM_GCC_541\Debug\Instrumentacion.a(Serial.o)
 .text.Serial_SetRxAddress2
                0x00000000        0xc .\CortexM3\ARM_GCC_541\Debug\Instrumentacion.a(Serial.o)
 .text.Serial_SetTxInterruptMode
                0x00000000        0xc .\CortexM3\ARM_GCC_541\Debug\Instrumentacion.a(Serial.o)
 .text.Serial_WriteTxData
                0x00000000       0x14 .\CortexM3\ARM_GCC_541\Debug\Instrumentacion.a(Serial.o)
 .text.Serial_ReadTxStatus
                0x00000000        0xc .\CortexM3\ARM_GCC_541\Debug\Instrumentacion.a(Serial.o)
 .text.Serial_PutString
                0x00000000       0x24 .\CortexM3\ARM_GCC_541\Debug\Instrumentacion.a(Serial.o)
 .text.Serial_PutArray
                0x00000000       0x28 .\CortexM3\ARM_GCC_541\Debug\Instrumentacion.a(Serial.o)
 .text.Serial_PutCRLF
                0x00000000       0x20 .\CortexM3\ARM_GCC_541\Debug\Instrumentacion.a(Serial.o)
 .text.Serial_GetTxBufferSize
                0x00000000       0x24 .\CortexM3\ARM_GCC_541\Debug\Instrumentacion.a(Serial.o)
 .text.Serial_ClearTxBuffer
                0x00000000       0x24 .\CortexM3\ARM_GCC_541\Debug\Instrumentacion.a(Serial.o)
 .text.Serial_SendBreak
                0x00000000       0x58 .\CortexM3\ARM_GCC_541\Debug\Instrumentacion.a(Serial.o)
 .text.Serial_SetTxAddressMode
                0x00000000        0x4 .\CortexM3\ARM_GCC_541\Debug\Instrumentacion.a(Serial.o)
 .text          0x00000000        0x0 .\CortexM3\ARM_GCC_541\Debug\Instrumentacion.a(isrUART.o)
 .data          0x00000000        0x0 .\CortexM3\ARM_GCC_541\Debug\Instrumentacion.a(isrUART.o)
 .bss           0x00000000        0x0 .\CortexM3\ARM_GCC_541\Debug\Instrumentacion.a(isrUART.o)
 .text.isrUART_Interrupt
                0x00000000        0x4 .\CortexM3\ARM_GCC_541\Debug\Instrumentacion.a(isrUART.o)
 .text.isrUART_GetVector
                0x00000000        0xc .\CortexM3\ARM_GCC_541\Debug\Instrumentacion.a(isrUART.o)
 .text.isrUART_GetPriority
                0x00000000        0xc .\CortexM3\ARM_GCC_541\Debug\Instrumentacion.a(isrUART.o)
 .text.isrUART_GetState
                0x00000000       0x10 .\CortexM3\ARM_GCC_541\Debug\Instrumentacion.a(isrUART.o)
 .text.isrUART_Start
                0x00000000       0x1c .\CortexM3\ARM_GCC_541\Debug\Instrumentacion.a(isrUART.o)
 .text.isrUART_Stop
                0x00000000       0x14 .\CortexM3\ARM_GCC_541\Debug\Instrumentacion.a(isrUART.o)
 .text.isrUART_SetPending
                0x00000000        0xc .\CortexM3\ARM_GCC_541\Debug\Instrumentacion.a(isrUART.o)
 .text.isrUART_ClearPending
                0x00000000        0xc .\CortexM3\ARM_GCC_541\Debug\Instrumentacion.a(isrUART.o)
 .text          0x00000000        0x0 .\CortexM3\ARM_GCC_541\Debug\Instrumentacion.a(Serial_IntClock.o)
 .data          0x00000000        0x0 .\CortexM3\ARM_GCC_541\Debug\Instrumentacion.a(Serial_IntClock.o)
 .bss           0x00000000        0x0 .\CortexM3\ARM_GCC_541\Debug\Instrumentacion.a(Serial_IntClock.o)
 .text.Serial_IntClock_Stop
                0x00000000       0x1c .\CortexM3\ARM_GCC_541\Debug\Instrumentacion.a(Serial_IntClock.o)
 .text.Serial_IntClock_StopBlock
                0x00000000       0x6c .\CortexM3\ARM_GCC_541\Debug\Instrumentacion.a(Serial_IntClock.o)
 .text.Serial_IntClock_StandbyPower
                0x00000000       0x20 .\CortexM3\ARM_GCC_541\Debug\Instrumentacion.a(Serial_IntClock.o)
 .text.Serial_IntClock_GetDividerRegister
                0x00000000        0xc .\CortexM3\ARM_GCC_541\Debug\Instrumentacion.a(Serial_IntClock.o)
 .text.Serial_IntClock_SetModeRegister
                0x00000000       0x14 .\CortexM3\ARM_GCC_541\Debug\Instrumentacion.a(Serial_IntClock.o)
 .text.Serial_IntClock_ClearModeRegister
                0x00000000       0x18 .\CortexM3\ARM_GCC_541\Debug\Instrumentacion.a(Serial_IntClock.o)
 .text.Serial_IntClock_GetModeRegister
                0x00000000       0x10 .\CortexM3\ARM_GCC_541\Debug\Instrumentacion.a(Serial_IntClock.o)
 .text.Serial_IntClock_GetSourceRegister
                0x00000000       0x10 .\CortexM3\ARM_GCC_541\Debug\Instrumentacion.a(Serial_IntClock.o)
 .text.Serial_IntClock_SetDividerRegister
                0x00000000       0xd8 .\CortexM3\ARM_GCC_541\Debug\Instrumentacion.a(Serial_IntClock.o)
 .text.Serial_IntClock_SetSourceRegister
                0x00000000       0x5c .\CortexM3\ARM_GCC_541\Debug\Instrumentacion.a(Serial_IntClock.o)
 .text          0x00000000        0x0 .\CortexM3\ARM_GCC_541\Debug\Instrumentacion.a(CyLib.o)
 .bss           0x00000000       0x1c .\CortexM3\ARM_GCC_541\Debug\Instrumentacion.a(CyLib.o)
 .text.CyUSB_PowerOnCheck
                0x00000000       0x48 .\CortexM3\ARM_GCC_541\Debug\Instrumentacion.a(CyLib.o)
 .text.CyBusClk_Internal_SetDivider
                0x00000000       0x48 .\CortexM3\ARM_GCC_541\Debug\Instrumentacion.a(CyLib.o)
 .text.CyPLL_OUT_Stop
                0x00000000       0x10 .\CortexM3\ARM_GCC_541\Debug\Instrumentacion.a(CyLib.o)
 .text.CyIMO_Stop
                0x00000000       0x1c .\CortexM3\ARM_GCC_541\Debug\Instrumentacion.a(CyLib.o)
 .text.CyIMO_EnableDoubler
                0x00000000       0x10 .\CortexM3\ARM_GCC_541\Debug\Instrumentacion.a(CyLib.o)
 .text.CyIMO_DisableDoubler
                0x00000000       0x10 .\CortexM3\ARM_GCC_541\Debug\Instrumentacion.a(CyLib.o)
 .text.CyMasterClk_SetSource
                0x00000000       0x18 .\CortexM3\ARM_GCC_541\Debug\Instrumentacion.a(CyLib.o)
 .text.CyMasterClk_SetDivider
                0x00000000        0xc .\CortexM3\ARM_GCC_541\Debug\Instrumentacion.a(CyLib.o)
 .text.CyBusClk_SetDivider
                0x00000000       0x70 .\CortexM3\ARM_GCC_541\Debug\Instrumentacion.a(CyLib.o)
 .text.CyUsbClk_SetSource
                0x00000000       0x18 .\CortexM3\ARM_GCC_541\Debug\Instrumentacion.a(CyLib.o)
 .text.CyILO_Start1K
                0x00000000       0x10 .\CortexM3\ARM_GCC_541\Debug\Instrumentacion.a(CyLib.o)
 .text.CyILO_Stop1K
                0x00000000       0x10 .\CortexM3\ARM_GCC_541\Debug\Instrumentacion.a(CyLib.o)
 .text.CyILO_Start100K
                0x00000000       0x10 .\CortexM3\ARM_GCC_541\Debug\Instrumentacion.a(CyLib.o)
 .text.CyILO_Stop100K
                0x00000000       0x10 .\CortexM3\ARM_GCC_541\Debug\Instrumentacion.a(CyLib.o)
 .text.CyPLL_OUT_Start
                0x00000000       0x78 .\CortexM3\ARM_GCC_541\Debug\Instrumentacion.a(CyLib.o)
 .text.CyIMO_Start
                0x00000000       0x60 .\CortexM3\ARM_GCC_541\Debug\Instrumentacion.a(CyLib.o)
 .text.CyILO_Enable33K
                0x00000000       0x10 .\CortexM3\ARM_GCC_541\Debug\Instrumentacion.a(CyLib.o)
 .text.CyILO_Disable33K
                0x00000000       0x10 .\CortexM3\ARM_GCC_541\Debug\Instrumentacion.a(CyLib.o)
 .text.CyILO_SetSource
                0x00000000       0x18 .\CortexM3\ARM_GCC_541\Debug\Instrumentacion.a(CyLib.o)
 .text.CyILO_SetPowerMode
                0x00000000       0x24 .\CortexM3\ARM_GCC_541\Debug\Instrumentacion.a(CyLib.o)
 .text.CyXTAL_32KHZ_Stop
                0x00000000       0x30 .\CortexM3\ARM_GCC_541\Debug\Instrumentacion.a(CyLib.o)
 .text.CyXTAL_32KHZ_ReadStatus
                0x00000000       0x10 .\CortexM3\ARM_GCC_541\Debug\Instrumentacion.a(CyLib.o)
 .text.CyXTAL_Start
                0x00000000       0xac .\CortexM3\ARM_GCC_541\Debug\Instrumentacion.a(CyLib.o)
 .text.CyXTAL_Stop
                0x00000000       0x10 .\CortexM3\ARM_GCC_541\Debug\Instrumentacion.a(CyLib.o)
 .text.CyXTAL_EnableErrStatus
                0x00000000       0x10 .\CortexM3\ARM_GCC_541\Debug\Instrumentacion.a(CyLib.o)
 .text.CyXTAL_DisableErrStatus
                0x00000000       0x10 .\CortexM3\ARM_GCC_541\Debug\Instrumentacion.a(CyLib.o)
 .text.CyXTAL_ReadStatus
                0x00000000       0x18 .\CortexM3\ARM_GCC_541\Debug\Instrumentacion.a(CyLib.o)
 .text.CyXTAL_EnableFaultRecovery
                0x00000000       0x10 .\CortexM3\ARM_GCC_541\Debug\Instrumentacion.a(CyLib.o)
 .text.CyXTAL_DisableFaultRecovery
                0x00000000       0x10 .\CortexM3\ARM_GCC_541\Debug\Instrumentacion.a(CyLib.o)
 .text.CyXTAL_SetStartup
                0x00000000       0x18 .\CortexM3\ARM_GCC_541\Debug\Instrumentacion.a(CyLib.o)
 .text.CyXTAL_SetFbVoltage
                0x00000000       0x18 .\CortexM3\ARM_GCC_541\Debug\Instrumentacion.a(CyLib.o)
 .text.CyXTAL_SetWdVoltage
                0x00000000       0x18 .\CortexM3\ARM_GCC_541\Debug\Instrumentacion.a(CyLib.o)
 .text.CyHalt   0x00000000        0x4 .\CortexM3\ARM_GCC_541\Debug\Instrumentacion.a(CyLib.o)
 .text.CyPLL_OUT_SetPQ
                0x00000000       0x60 .\CortexM3\ARM_GCC_541\Debug\Instrumentacion.a(CyLib.o)
 .text.CyPLL_OUT_SetSource
                0x00000000       0x34 .\CortexM3\ARM_GCC_541\Debug\Instrumentacion.a(CyLib.o)
 .text.CyIMO_SetTrimValue
                0x00000000       0xcc .\CortexM3\ARM_GCC_541\Debug\Instrumentacion.a(CyLib.o)
 .text.CyIMO_SetFreq
                0x00000000       0xf4 .\CortexM3\ARM_GCC_541\Debug\Instrumentacion.a(CyLib.o)
 .text.CyIMO_SetSource
                0x00000000       0x58 .\CortexM3\ARM_GCC_541\Debug\Instrumentacion.a(CyLib.o)
 .text.CySoftwareReset
                0x00000000       0x10 .\CortexM3\ARM_GCC_541\Debug\Instrumentacion.a(CyLib.o)
 .text.CyDelayUs
                0x00000000       0x14 .\CortexM3\ARM_GCC_541\Debug\Instrumentacion.a(CyLib.o)
 .text.CyXTAL_32KHZ_SetPowerMode
                0x00000000       0x84 .\CortexM3\ARM_GCC_541\Debug\Instrumentacion.a(CyLib.o)
 .text.CyXTAL_32KHZ_Start
                0x00000000       0x74 .\CortexM3\ARM_GCC_541\Debug\Instrumentacion.a(CyLib.o)
 .text.CyDelayFreq
                0x00000000       0x4c .\CortexM3\ARM_GCC_541\Debug\Instrumentacion.a(CyLib.o)
 .text.CyWdtStart
                0x00000000       0x40 .\CortexM3\ARM_GCC_541\Debug\Instrumentacion.a(CyLib.o)
 .text.CyWdtClear
                0x00000000        0xc .\CortexM3\ARM_GCC_541\Debug\Instrumentacion.a(CyLib.o)
 .text.CyVdStickyStatus
                0x00000000       0x2c .\CortexM3\ARM_GCC_541\Debug\Instrumentacion.a(CyLib.o)
 .text.CyVdLvDigitEnable
                0x00000000       0x84 .\CortexM3\ARM_GCC_541\Debug\Instrumentacion.a(CyLib.o)
 .text.CyVdLvAnalogEnable
                0x00000000       0x80 .\CortexM3\ARM_GCC_541\Debug\Instrumentacion.a(CyLib.o)
 .text.CyVdLvDigitDisable
                0x00000000       0x30 .\CortexM3\ARM_GCC_541\Debug\Instrumentacion.a(CyLib.o)
 .text.CyVdLvAnalogDisable
                0x00000000       0x28 .\CortexM3\ARM_GCC_541\Debug\Instrumentacion.a(CyLib.o)
 .text.CyVdHvAnalogEnable
                0x00000000       0x54 .\CortexM3\ARM_GCC_541\Debug\Instrumentacion.a(CyLib.o)
 .text.CyVdHvAnalogDisable
                0x00000000       0x20 .\CortexM3\ARM_GCC_541\Debug\Instrumentacion.a(CyLib.o)
 .text.CyVdRealTimeStatus
                0x00000000       0x1c .\CortexM3\ARM_GCC_541\Debug\Instrumentacion.a(CyLib.o)
 .text.CyDisableInts
                0x00000000       0x1c .\CortexM3\ARM_GCC_541\Debug\Instrumentacion.a(CyLib.o)
 .text.CyEnableInts
                0x00000000       0x18 .\CortexM3\ARM_GCC_541\Debug\Instrumentacion.a(CyLib.o)
 .text.CyFlushCache
                0x00000000       0x44 .\CortexM3\ARM_GCC_541\Debug\Instrumentacion.a(CyLib.o)
 .text.CyIntSetSysVector
                0x00000000       0x28 .\CortexM3\ARM_GCC_541\Debug\Instrumentacion.a(CyLib.o)
 .text.CyIntGetSysVector
                0x00000000       0x20 .\CortexM3\ARM_GCC_541\Debug\Instrumentacion.a(CyLib.o)
 .text.CyIntSetVector
                0x00000000       0x28 .\CortexM3\ARM_GCC_541\Debug\Instrumentacion.a(CyLib.o)
 .text.CyIntGetVector
                0x00000000       0x24 .\CortexM3\ARM_GCC_541\Debug\Instrumentacion.a(CyLib.o)
 .text.CyIntSetPriority
                0x00000000       0x30 .\CortexM3\ARM_GCC_541\Debug\Instrumentacion.a(CyLib.o)
 .text.CyIntGetPriority
                0x00000000       0x20 .\CortexM3\ARM_GCC_541\Debug\Instrumentacion.a(CyLib.o)
 .text.CyIntGetState
                0x00000000       0x24 .\CortexM3\ARM_GCC_541\Debug\Instrumentacion.a(CyLib.o)
 .text.CySysTickStop
                0x00000000       0x10 .\CortexM3\ARM_GCC_541\Debug\Instrumentacion.a(CyLib.o)
 .text.CySysTickEnableInterrupt
                0x00000000       0x10 .\CortexM3\ARM_GCC_541\Debug\Instrumentacion.a(CyLib.o)
 .text.CySysTickEnable
                0x00000000       0x18 .\CortexM3\ARM_GCC_541\Debug\Instrumentacion.a(CyLib.o)
 .text.CySysTickDisableInterrupt
                0x00000000       0x10 .\CortexM3\ARM_GCC_541\Debug\Instrumentacion.a(CyLib.o)
 .text.CySysTickSetReload
                0x00000000       0x10 .\CortexM3\ARM_GCC_541\Debug\Instrumentacion.a(CyLib.o)
 .text.CySysTickGetReload
                0x00000000       0x10 .\CortexM3\ARM_GCC_541\Debug\Instrumentacion.a(CyLib.o)
 .text.CySysTickGetValue
                0x00000000       0x10 .\CortexM3\ARM_GCC_541\Debug\Instrumentacion.a(CyLib.o)
 .text.CySysTickSetClockSource
                0x00000000       0x20 .\CortexM3\ARM_GCC_541\Debug\Instrumentacion.a(CyLib.o)
 .text.CySysTickGetClockSource
                0x00000000       0x10 .\CortexM3\ARM_GCC_541\Debug\Instrumentacion.a(CyLib.o)
 .text.CySysTickGetCountFlag
                0x00000000       0x10 .\CortexM3\ARM_GCC_541\Debug\Instrumentacion.a(CyLib.o)
 .text.CySysTickServiceCallbacks
                0x00000000       0x28 .\CortexM3\ARM_GCC_541\Debug\Instrumentacion.a(CyLib.o)
 .text.CySysTickClear
                0x00000000        0xc .\CortexM3\ARM_GCC_541\Debug\Instrumentacion.a(CyLib.o)
 .text.CySysTickInit
                0x00000000       0x58 .\CortexM3\ARM_GCC_541\Debug\Instrumentacion.a(CyLib.o)
 .text.CySysTickStart
                0x00000000       0x1c .\CortexM3\ARM_GCC_541\Debug\Instrumentacion.a(CyLib.o)
 .text.CySysTickSetCallback
                0x00000000       0x10 .\CortexM3\ARM_GCC_541\Debug\Instrumentacion.a(CyLib.o)
 .text.CySysTickGetCallback
                0x00000000       0x10 .\CortexM3\ARM_GCC_541\Debug\Instrumentacion.a(CyLib.o)
 .text.CyGetUniqueId
                0x00000000       0x70 .\CortexM3\ARM_GCC_541\Debug\Instrumentacion.a(CyLib.o)
 .text          0x00000000        0x0 .\CortexM3\ARM_GCC_541\Debug\Instrumentacion.a(cyPm.o)
 .data          0x00000000        0x0 .\CortexM3\ARM_GCC_541\Debug\Instrumentacion.a(cyPm.o)
 .bss           0x00000000       0x43 .\CortexM3\ARM_GCC_541\Debug\Instrumentacion.a(cyPm.o)
 .text.CyPmHibSlpSaveSet
                0x00000000      0x1dc .\CortexM3\ARM_GCC_541\Debug\Instrumentacion.a(cyPm.o)
 .text.CyPmHibSlpRestore
                0x00000000       0xd8 .\CortexM3\ARM_GCC_541\Debug\Instrumentacion.a(cyPm.o)
 .text.CyPmHviLviSaveDisable
                0x00000000       0xa0 .\CortexM3\ARM_GCC_541\Debug\Instrumentacion.a(cyPm.o)
 .text.CyPmHibSaveSet
                0x00000000       0x98 .\CortexM3\ARM_GCC_541\Debug\Instrumentacion.a(cyPm.o)
 .text.CyPmHviLviRestore
                0x00000000       0x48 .\CortexM3\ARM_GCC_541\Debug\Instrumentacion.a(cyPm.o)
 .text.CyPmHibRestore
                0x00000000       0x60 .\CortexM3\ARM_GCC_541\Debug\Instrumentacion.a(cyPm.o)
 .text.CyPmSaveClocks
                0x00000000      0x218 .\CortexM3\ARM_GCC_541\Debug\Instrumentacion.a(cyPm.o)
 .text.CyPmRestoreClocks
                0x00000000      0x24c .\CortexM3\ARM_GCC_541\Debug\Instrumentacion.a(cyPm.o)
 .text.CyPmAltAct
                0x00000000       0x6c .\CortexM3\ARM_GCC_541\Debug\Instrumentacion.a(cyPm.o)
 .text.CyPmSleep
                0x00000000       0xf4 .\CortexM3\ARM_GCC_541\Debug\Instrumentacion.a(cyPm.o)
 .text.CyPmHibernateEx
                0x00000000       0xf4 .\CortexM3\ARM_GCC_541\Debug\Instrumentacion.a(cyPm.o)
 .text.CyPmHibernate
                0x00000000        0xc .\CortexM3\ARM_GCC_541\Debug\Instrumentacion.a(cyPm.o)
 .text.CyPmReadStatus
                0x00000000       0x30 .\CortexM3\ARM_GCC_541\Debug\Instrumentacion.a(cyPm.o)
 .text.CyPmCtwSetInterval
                0x00000000       0x5c .\CortexM3\ARM_GCC_541\Debug\Instrumentacion.a(cyPm.o)
 .text.CyPmOppsSet
                0x00000000       0x2c .\CortexM3\ARM_GCC_541\Debug\Instrumentacion.a(cyPm.o)
 .text.CyPmFtwSetInterval
                0x00000000       0x5c .\CortexM3\ARM_GCC_541\Debug\Instrumentacion.a(cyPm.o)
 .rodata        0x00000000        0xf .\CortexM3\ARM_GCC_541\Debug\Instrumentacion.a(cyPm.o)
 .text          0x00000000        0x0 .\CortexM3\ARM_GCC_541\Debug\Instrumentacion.a(LEDS.o)
 .data          0x00000000        0x0 .\CortexM3\ARM_GCC_541\Debug\Instrumentacion.a(LEDS.o)
 .bss           0x00000000        0x0 .\CortexM3\ARM_GCC_541\Debug\Instrumentacion.a(LEDS.o)
 .text.LEDS_Read
                0x00000000        0xc .\CortexM3\ARM_GCC_541\Debug\Instrumentacion.a(LEDS.o)
 .data          0x00000000        0x0 .\CortexM3\ARM_GCC_541\Debug\Instrumentacion.a(CyBootAsmGnu.o)
 .bss           0x00000000        0x0 .\CortexM3\ARM_GCC_541\Debug\Instrumentacion.a(CyBootAsmGnu.o)
 .text          0x00000000        0x0 .\CortexM3\ARM_GCC_541\Debug\Instrumentacion.a(CyFlash.o)
 .data          0x00000000        0x0 .\CortexM3\ARM_GCC_541\Debug\Instrumentacion.a(CyFlash.o)
 .bss           0x00000000        0x0 .\CortexM3\ARM_GCC_541\Debug\Instrumentacion.a(CyFlash.o)
 .text.CySetTempInt
                0x00000000       0x60 .\CortexM3\ARM_GCC_541\Debug\Instrumentacion.a(CyFlash.o)
 .text.CyFlash_Start
                0x00000000       0x54 .\CortexM3\ARM_GCC_541\Debug\Instrumentacion.a(CyFlash.o)
 .text.CyFlash_Stop
                0x00000000       0x24 .\CortexM3\ARM_GCC_541\Debug\Instrumentacion.a(CyFlash.o)
 .text.CyFlash_EraseRow
                0x00000000       0x78 .\CortexM3\ARM_GCC_541\Debug\Instrumentacion.a(CyFlash.o)
 .text.CyFlashGetSpcAlgorithm
                0x00000000       0x4c .\CortexM3\ARM_GCC_541\Debug\Instrumentacion.a(CyFlash.o)
 .text.CySetTemp
                0x00000000       0x14 .\CortexM3\ARM_GCC_541\Debug\Instrumentacion.a(CyFlash.o)
 .text.CySetFlashEEBuffer
                0x00000000       0x20 .\CortexM3\ARM_GCC_541\Debug\Instrumentacion.a(CyFlash.o)
 .text.CyWriteRowFull
                0x00000000       0xf8 .\CortexM3\ARM_GCC_541\Debug\Instrumentacion.a(CyFlash.o)
 .text.CyWriteRowData
                0x00000000       0x14 .\CortexM3\ARM_GCC_541\Debug\Instrumentacion.a(CyFlash.o)
 .text.CyFlash_SetWaitCycles
                0x00000000       0x7c .\CortexM3\ARM_GCC_541\Debug\Instrumentacion.a(CyFlash.o)
 .text.CyEEPROM_Start
                0x00000000       0x54 .\CortexM3\ARM_GCC_541\Debug\Instrumentacion.a(CyFlash.o)
 .text.CyEEPROM_Stop
                0x00000000       0x24 .\CortexM3\ARM_GCC_541\Debug\Instrumentacion.a(CyFlash.o)
 .text.CyEEPROM_ReadReserve
                0x00000000       0x1c .\CortexM3\ARM_GCC_541\Debug\Instrumentacion.a(CyFlash.o)
 .text.CyEEPROM_ReadRelease
                0x00000000       0x10 .\CortexM3\ARM_GCC_541\Debug\Instrumentacion.a(CyFlash.o)
 COMMON         0x00000000        0x2 .\CortexM3\ARM_GCC_541\Debug\Instrumentacion.a(CyFlash.o)
 .text          0x00000000        0x0 .\CortexM3\ARM_GCC_541\Debug\Instrumentacion.a(CySpc.o)
 .data          0x00000000        0x0 .\CortexM3\ARM_GCC_541\Debug\Instrumentacion.a(CySpc.o)
 .bss           0x00000000        0x8 .\CortexM3\ARM_GCC_541\Debug\Instrumentacion.a(CySpc.o)
 .text.CySpcStart
                0x00000000       0x24 .\CortexM3\ARM_GCC_541\Debug\Instrumentacion.a(CySpc.o)
 .text.CySpcStop
                0x00000000       0x24 .\CortexM3\ARM_GCC_541\Debug\Instrumentacion.a(CySpc.o)
 .text.CySpcReadData
                0x00000000       0x34 .\CortexM3\ARM_GCC_541\Debug\Instrumentacion.a(CySpc.o)
 .text.CySpcLoadMultiByte
                0x00000000       0x78 .\CortexM3\ARM_GCC_541\Debug\Instrumentacion.a(CySpc.o)
 .text.CySpcLoadRow
                0x00000000       0x50 .\CortexM3\ARM_GCC_541\Debug\Instrumentacion.a(CySpc.o)
 .text.CySpcLoadRowFull
                0x00000000       0x80 .\CortexM3\ARM_GCC_541\Debug\Instrumentacion.a(CySpc.o)
 .text.CySpcWriteRow
                0x00000000       0x4c .\CortexM3\ARM_GCC_541\Debug\Instrumentacion.a(CySpc.o)
 .text.CySpcEraseSector
                0x00000000       0x3c .\CortexM3\ARM_GCC_541\Debug\Instrumentacion.a(CySpc.o)
 .text.CySpcEraseRow
                0x00000000       0x4c .\CortexM3\ARM_GCC_541\Debug\Instrumentacion.a(CySpc.o)
 .text.CySpcGetTemp
                0x00000000       0x3c .\CortexM3\ARM_GCC_541\Debug\Instrumentacion.a(CySpc.o)
 .text.CySpcLock
                0x00000000       0x4c .\CortexM3\ARM_GCC_541\Debug\Instrumentacion.a(CySpc.o)
 .text.CySpcUnlock
                0x00000000       0x38 .\CortexM3\ARM_GCC_541\Debug\Instrumentacion.a(CySpc.o)
 .text.CySpcGetAlgorithm
                0x00000000       0x28 .\CortexM3\ARM_GCC_541\Debug\Instrumentacion.a(CySpc.o)
 .text          0x00000000        0x0 c:/program files (x86)/cypress/psoc creator/4.4/psoc creator/import/gnu/arm/5.4.1/bin/../lib/gcc/arm-none-eabi/5.4.1/../../../../arm-none-eabi/lib/armv7-m\libg_nano.a(lib_a-errno.o)
 .data          0x00000000        0x0 c:/program files (x86)/cypress/psoc creator/4.4/psoc creator/import/gnu/arm/5.4.1/bin/../lib/gcc/arm-none-eabi/5.4.1/../../../../arm-none-eabi/lib/armv7-m\libg_nano.a(lib_a-errno.o)
 .bss           0x00000000        0x0 c:/program files (x86)/cypress/psoc creator/4.4/psoc creator/import/gnu/arm/5.4.1/bin/../lib/gcc/arm-none-eabi/5.4.1/../../../../arm-none-eabi/lib/armv7-m\libg_nano.a(lib_a-errno.o)
 .text          0x00000000        0x0 c:/program files (x86)/cypress/psoc creator/4.4/psoc creator/import/gnu/arm/5.4.1/bin/../lib/gcc/arm-none-eabi/5.4.1/../../../../arm-none-eabi/lib/armv7-m\libg_nano.a(lib_a-exit.o)
 .data          0x00000000        0x0 c:/program files (x86)/cypress/psoc creator/4.4/psoc creator/import/gnu/arm/5.4.1/bin/../lib/gcc/arm-none-eabi/5.4.1/../../../../arm-none-eabi/lib/armv7-m\libg_nano.a(lib_a-exit.o)
 .bss           0x00000000        0x0 c:/program files (x86)/cypress/psoc creator/4.4/psoc creator/import/gnu/arm/5.4.1/bin/../lib/gcc/arm-none-eabi/5.4.1/../../../../arm-none-eabi/lib/armv7-m\libg_nano.a(lib_a-exit.o)
 .text.exit     0x00000000       0x28 c:/program files (x86)/cypress/psoc creator/4.4/psoc creator/import/gnu/arm/5.4.1/bin/../lib/gcc/arm-none-eabi/5.4.1/../../../../arm-none-eabi/lib/armv7-m\libg_nano.a(lib_a-exit.o)
 .text          0x00000000        0x0 c:/program files (x86)/cypress/psoc creator/4.4/psoc creator/import/gnu/arm/5.4.1/bin/../lib/gcc/arm-none-eabi/5.4.1/../../../../arm-none-eabi/lib/armv7-m\libg_nano.a(lib_a-impure.o)
 .data          0x00000000        0x0 c:/program files (x86)/cypress/psoc creator/4.4/psoc creator/import/gnu/arm/5.4.1/bin/../lib/gcc/arm-none-eabi/5.4.1/../../../../arm-none-eabi/lib/armv7-m\libg_nano.a(lib_a-impure.o)
 .bss           0x00000000        0x0 c:/program files (x86)/cypress/psoc creator/4.4/psoc creator/import/gnu/arm/5.4.1/bin/../lib/gcc/arm-none-eabi/5.4.1/../../../../arm-none-eabi/lib/armv7-m\libg_nano.a(lib_a-impure.o)
 .rodata._global_impure_ptr
                0x00000000        0x4 c:/program files (x86)/cypress/psoc creator/4.4/psoc creator/import/gnu/arm/5.4.1/bin/../lib/gcc/arm-none-eabi/5.4.1/../../../../arm-none-eabi/lib/armv7-m\libg_nano.a(lib_a-impure.o)
 .text          0x00000000        0x0 c:/program files (x86)/cypress/psoc creator/4.4/psoc creator/import/gnu/arm/5.4.1/bin/../lib/gcc/arm-none-eabi/5.4.1/../../../../arm-none-eabi/lib/armv7-m\libg_nano.a(lib_a-init.o)
 .data          0x00000000        0x0 c:/program files (x86)/cypress/psoc creator/4.4/psoc creator/import/gnu/arm/5.4.1/bin/../lib/gcc/arm-none-eabi/5.4.1/../../../../arm-none-eabi/lib/armv7-m\libg_nano.a(lib_a-init.o)
 .bss           0x00000000        0x0 c:/program files (x86)/cypress/psoc creator/4.4/psoc creator/import/gnu/arm/5.4.1/bin/../lib/gcc/arm-none-eabi/5.4.1/../../../../arm-none-eabi/lib/armv7-m\libg_nano.a(lib_a-init.o)
 .text          0x00000000        0x0 c:/program files (x86)/cypress/psoc creator/4.4/psoc creator/import/gnu/arm/5.4.1/bin/../lib/gcc/arm-none-eabi/5.4.1/../../../../arm-none-eabi/lib/armv7-m\libg_nano.a(lib_a-memcpy-stub.o)
 .data          0x00000000        0x0 c:/program files (x86)/cypress/psoc creator/4.4/psoc creator/import/gnu/arm/5.4.1/bin/../lib/gcc/arm-none-eabi/5.4.1/../../../../arm-none-eabi/lib/armv7-m\libg_nano.a(lib_a-memcpy-stub.o)
 .bss           0x00000000        0x0 c:/program files (x86)/cypress/psoc creator/4.4/psoc creator/import/gnu/arm/5.4.1/bin/../lib/gcc/arm-none-eabi/5.4.1/../../../../arm-none-eabi/lib/armv7-m\libg_nano.a(lib_a-memcpy-stub.o)
 .text          0x00000000        0x0 c:/program files (x86)/cypress/psoc creator/4.4/psoc creator/import/gnu/arm/5.4.1/bin/../lib/gcc/arm-none-eabi/5.4.1/../../../../arm-none-eabi/lib/armv7-m\libg_nano.a(lib_a-memset.o)
 .data          0x00000000        0x0 c:/program files (x86)/cypress/psoc creator/4.4/psoc creator/import/gnu/arm/5.4.1/bin/../lib/gcc/arm-none-eabi/5.4.1/../../../../arm-none-eabi/lib/armv7-m\libg_nano.a(lib_a-memset.o)
 .bss           0x00000000        0x0 c:/program files (x86)/cypress/psoc creator/4.4/psoc creator/import/gnu/arm/5.4.1/bin/../lib/gcc/arm-none-eabi/5.4.1/../../../../arm-none-eabi/lib/armv7-m\libg_nano.a(lib_a-memset.o)
 .text          0x00000000        0x0 c:/program files (x86)/cypress/psoc creator/4.4/psoc creator/import/gnu/arm/5.4.1/bin/../lib/gcc/arm-none-eabi/5.4.1/armv7-m/crtend.o
 .data          0x00000000        0x0 c:/program files (x86)/cypress/psoc creator/4.4/psoc creator/import/gnu/arm/5.4.1/bin/../lib/gcc/arm-none-eabi/5.4.1/armv7-m/crtend.o
 .bss           0x00000000        0x0 c:/program files (x86)/cypress/psoc creator/4.4/psoc creator/import/gnu/arm/5.4.1/bin/../lib/gcc/arm-none-eabi/5.4.1/armv7-m/crtend.o
 .text          0x00000000        0x0 c:/program files (x86)/cypress/psoc creator/4.4/psoc creator/import/gnu/arm/5.4.1/bin/../lib/gcc/arm-none-eabi/5.4.1/armv7-m/crtn.o
 .data          0x00000000        0x0 c:/program files (x86)/cypress/psoc creator/4.4/psoc creator/import/gnu/arm/5.4.1/bin/../lib/gcc/arm-none-eabi/5.4.1/armv7-m/crtn.o
 .bss           0x00000000        0x0 c:/program files (x86)/cypress/psoc creator/4.4/psoc creator/import/gnu/arm/5.4.1/bin/../lib/gcc/arm-none-eabi/5.4.1/armv7-m/crtn.o

Memory Configuration

Name             Origin             Length             Attributes
rom              0x00000000         0x00040000         xr
ram              0x1fff8000         0x00010000         xrw
*default*        0x00000000         0xffffffff

Linker script and memory map

LOAD c:/program files (x86)/cypress/psoc creator/4.4/psoc creator/import/gnu/arm/5.4.1/bin/../lib/gcc/arm-none-eabi/5.4.1/armv7-m/crti.o
LOAD c:/program files (x86)/cypress/psoc creator/4.4/psoc creator/import/gnu/arm/5.4.1/bin/../lib/gcc/arm-none-eabi/5.4.1/armv7-m/crtbegin.o
LOAD c:/program files (x86)/cypress/psoc creator/4.4/psoc creator/import/gnu/arm/5.4.1/bin/../lib/gcc/arm-none-eabi/5.4.1/../../../../arm-none-eabi/lib/armv7-m/crt0.o
START GROUP
LOAD .\CortexM3\ARM_GCC_541\Debug\main.o
LOAD .\CortexM3\ARM_GCC_541\Debug\Cypress_DevBoard.o
LOAD .\CortexM3\ARM_GCC_541\Debug\cyfitter_cfg.o
LOAD .\CortexM3\ARM_GCC_541\Debug\cymetadata.o
LOAD .\CortexM3\ARM_GCC_541\Debug\Cm3Start.o
LOAD .\CortexM3\ARM_GCC_541\Debug\Instrumentacion.a
LOAD C:\Program Files (x86)\Cypress\PSoC Creator\4.4\PSoC Creator\psoc\content\cycomponentlibrary\CyComponentLibrary.cylib\CortexM3\ARM_GCC_541\Debug\CyComponentLibrary.a
END GROUP
START GROUP
LOAD c:/program files (x86)/cypress/psoc creator/4.4/psoc creator/import/gnu/arm/5.4.1/bin/../lib/gcc/arm-none-eabi/5.4.1/armv7-m\libgcc.a
LOAD c:/program files (x86)/cypress/psoc creator/4.4/psoc creator/import/gnu/arm/5.4.1/bin/../lib/gcc/arm-none-eabi/5.4.1/../../../../arm-none-eabi/lib/armv7-m\libg_nano.a
LOAD c:/program files (x86)/cypress/psoc creator/4.4/psoc creator/import/gnu/arm/5.4.1/bin/../lib/gcc/arm-none-eabi/5.4.1/../../../../arm-none-eabi/lib/armv7-m\libc_nano.a
END GROUP
START GROUP
LOAD c:/program files (x86)/cypress/psoc creator/4.4/psoc creator/import/gnu/arm/5.4.1/bin/../lib/gcc/arm-none-eabi/5.4.1/armv7-m\libgcc.a
LOAD c:/program files (x86)/cypress/psoc creator/4.4/psoc creator/import/gnu/arm/5.4.1/bin/../lib/gcc/arm-none-eabi/5.4.1/../../../../arm-none-eabi/lib/armv7-m\libc_nano.a
END GROUP
LOAD c:/program files (x86)/cypress/psoc creator/4.4/psoc creator/import/gnu/arm/5.4.1/bin/../lib/gcc/arm-none-eabi/5.4.1/armv7-m/crtend.o
LOAD c:/program files (x86)/cypress/psoc creator/4.4/psoc creator/import/gnu/arm/5.4.1/bin/../lib/gcc/arm-none-eabi/5.4.1/armv7-m/crtn.o
START GROUP
LOAD c:/program files (x86)/cypress/psoc creator/4.4/psoc creator/import/gnu/arm/5.4.1/bin/../lib/gcc/arm-none-eabi/5.4.1/armv7-m\libgcc.a
LOAD c:/program files (x86)/cypress/psoc creator/4.4/psoc creator/import/gnu/arm/5.4.1/bin/../lib/gcc/arm-none-eabi/5.4.1/../../../../arm-none-eabi/lib/armv7-m\libc.a
LOAD c:/program files (x86)/cypress/psoc creator/4.4/psoc creator/import/gnu/arm/5.4.1/bin/../lib/gcc/arm-none-eabi/5.4.1/../../../../arm-none-eabi/lib/armv7-m\libnosys.a
END GROUP
                0x00000000                CY_APPL_ORIGIN = 0x0
                0x00000100                CY_FLASH_ROW_SIZE = 0x100
                0x00000020                CY_ECC_ROW_SIZE = 0x20
                0x00000000                CY_EE_IN_BTLDR = 0x0
                0x00000000                CY_APPL_LOADABLE = 0x0
                0x00000800                CY_EE_SIZE = 0x800
                0x00000001                CY_APPL_NUM = 0x1
                0x00000001                CY_APPL_MAX = 0x1
                0x00000040                CY_METADATA_SIZE = 0x40
                0x00000000                CY_APPL_LOADABLE = 0x0
                0x00000000                CY_CHECKSUM_EXCLUDE_SIZE = ALIGN (0x0, CY_FLASH_ROW_SIZE)
                [!provide]                PROVIDE (__cy_heap_start, _end)
                0x00000001                PROVIDE (__cy_region_num, ((__cy_regions_end - __cy_regions) / 0x10))
                0x20008000                PROVIDE (__cy_stack, (ORIGIN (ram) + LENGTH (ram)))
                [!provide]                PROVIDE (__cy_heap_end, (__cy_stack - 0x800))

.cybootloader   0x00000000        0x0
 *(.cybootloader)
                0x00000000                appl1_start = CY_APPL_ORIGIN?CY_APPL_ORIGIN:ALIGN (CY_FLASH_ROW_SIZE)
                0x0001ff00                appl2_start = (appl1_start + ALIGN ((((LENGTH (rom) - appl1_start) - (0x2 * CY_FLASH_ROW_SIZE)) / 0x2), CY_FLASH_ROW_SIZE))
                0x00000000                appl_start = (CY_APPL_NUM == 0x1)?appl1_start:appl2_start
                0x00000000                ecc_offset = ((appl_start / CY_FLASH_ROW_SIZE) * CY_ECC_ROW_SIZE)
                0x00000000                ee_offset = (CY_APPL_LOADABLE && ! (CY_EE_IN_BTLDR))?((CY_EE_SIZE / CY_APPL_MAX) * (CY_APPL_NUM - 0x1)):0x0
                0x00000800                ee_size = (CY_APPL_LOADABLE && ! (CY_EE_IN_BTLDR))?(CY_EE_SIZE / CY_APPL_MAX):CY_EE_SIZE
                [!provide]                PROVIDE (CY_ECC_OFFSET, ecc_offset)

.text           0x00000000      0x6fe
 CREATE_OBJECT_SYMBOLS
                0x00000000                PROVIDE (__cy_interrupt_vector, RomVectors)
 *(.romvectors)
 .romvectors    0x00000000       0x10 .\CortexM3\ARM_GCC_541\Debug\Cm3Start.o
                0x00000000                RomVectors
                0x00000001                ASSERT ((. != __cy_interrupt_vector), No interrupt vector)
                0x00000001                ASSERT (CY_APPL_ORIGIN?(SIZEOF (.cybootloader) <= CY_APPL_ORIGIN):0x1, Wrong image location)
                0x00000010                PROVIDE (__cy_reset, Reset)
 *(.text.Reset)
 .text.Reset    0x00000010       0x18 .\CortexM3\ARM_GCC_541\Debug\Cm3Start.o
                0x00000010                Reset
                0x00000001                ASSERT ((. != __cy_reset), No reset code)
 *(.dma_init)
                0x00000001                ASSERT ((((appl_start + .) <= 0x10000) || 0x1), DMA Init must be within the first 64k of flash)
 *(.text .text.* .gnu.linkonce.t.*)
 .text          0x00000028       0x5c c:/program files (x86)/cypress/psoc creator/4.4/psoc creator/import/gnu/arm/5.4.1/bin/../lib/gcc/arm-none-eabi/5.4.1/armv7-m/crtbegin.o
 .text.interruptUART
                0x00000084       0x18 .\CortexM3\ARM_GCC_541\Debug\main.o
                0x00000084                interruptUART
 .text.main     0x0000009c      0x184 .\CortexM3\ARM_GCC_541\Debug\main.o
                0x0000009c                main
 .text.CyClockStartupError
                0x00000220        0x4 .\CortexM3\ARM_GCC_541\Debug\cyfitter_cfg.o
 .text.cfg_write_bytes32
                0x00000224       0x34 .\CortexM3\ARM_GCC_541\Debug\cyfitter_cfg.o
 .text.AnalogSetDefault
                0x00000258       0x28 .\CortexM3\ARM_GCC_541\Debug\cyfitter_cfg.o
 .text.CYMEMZERO
                0x00000280        0xc .\CortexM3\ARM_GCC_541\Debug\cyfitter_cfg.o
 .text.ClockSetup
                0x0000028c       0xb8 .\CortexM3\ARM_GCC_541\Debug\cyfitter_cfg.o
 .text.CYCONFIGCPY
                0x00000344        0x8 .\CortexM3\ARM_GCC_541\Debug\cyfitter_cfg.o
 .text.cyfitter_cfg
                0x0000034c       0xf0 .\CortexM3\ARM_GCC_541\Debug\cyfitter_cfg.o
                0x0000034c                cyfitter_cfg
 .text.IntDefaultHandler
                0x0000043c       0x10 .\CortexM3\ARM_GCC_541\Debug\Cm3Start.o
                0x0000043c                IntDefaultHandler
 .text.Start_c  0x0000044c       0x4c .\CortexM3\ARM_GCC_541\Debug\Cm3Start.o
                0x0000044c                Start_c
 .text.initialize_psoc
                0x00000498       0x68 .\CortexM3\ARM_GCC_541\Debug\Cm3Start.o
                0x00000498                initialize_psoc
 .text.Serial_Init
                0x00000500       0x24 .\CortexM3\ARM_GCC_541\Debug\Instrumentacion.a(Serial.o)
                0x00000500                Serial_Init
 .text.Serial_Enable
                0x00000524       0x38 .\CortexM3\ARM_GCC_541\Debug\Instrumentacion.a(Serial.o)
                0x00000524                Serial_Enable
 .text.Serial_Start
                0x0000055c       0x1c .\CortexM3\ARM_GCC_541\Debug\Instrumentacion.a(Serial.o)
                0x0000055c                Serial_Start
 .text.Serial_GetChar
                0x00000578       0x2c .\CortexM3\ARM_GCC_541\Debug\Instrumentacion.a(Serial.o)
                0x00000578                Serial_GetChar
 .text.Serial_PutChar
                0x000005a4       0x18 .\CortexM3\ARM_GCC_541\Debug\Instrumentacion.a(Serial.o)
                0x000005a4                Serial_PutChar
 .text.isrUART_SetVector
                0x000005bc        0xc .\CortexM3\ARM_GCC_541\Debug\Instrumentacion.a(isrUART.o)
                0x000005bc                isrUART_SetVector
 .text.isrUART_SetPriority
                0x000005c8       0x10 .\CortexM3\ARM_GCC_541\Debug\Instrumentacion.a(isrUART.o)
                0x000005c8                isrUART_SetPriority
 .text.isrUART_Enable
                0x000005d8        0xc .\CortexM3\ARM_GCC_541\Debug\Instrumentacion.a(isrUART.o)
                0x000005d8                isrUART_Enable
 .text.isrUART_Disable
                0x000005e4        0xc .\CortexM3\ARM_GCC_541\Debug\Instrumentacion.a(isrUART.o)
                0x000005e4                isrUART_Disable
 .text.isrUART_StartEx
                0x000005f0       0x1c .\CortexM3\ARM_GCC_541\Debug\Instrumentacion.a(isrUART.o)
                0x000005f0                isrUART_StartEx
 .text.Serial_IntClock_Start
                0x0000060c       0x1c .\CortexM3\ARM_GCC_541\Debug\Instrumentacion.a(Serial_IntClock.o)
                0x0000060c                Serial_IntClock_Start
 .text.CyDelay  0x00000628       0x2c .\CortexM3\ARM_GCC_541\Debug\Instrumentacion.a(CyLib.o)
                0x00000628                CyDelay
 .text.LEDS_Write
                0x00000654        0xc .\CortexM3\ARM_GCC_541\Debug\Instrumentacion.a(LEDS.o)
                0x00000654                LEDS_Write
 .text          0x00000660       0x20 .\CortexM3\ARM_GCC_541\Debug\Instrumentacion.a(CyBootAsmGnu.o)
                0x00000660                CyDelayCycles
                0x00000670                CyEnterCriticalSection
                0x00000678                CyExitCriticalSection
 .text.__errno  0x00000680        0xc c:/program files (x86)/cypress/psoc creator/4.4/psoc creator/import/gnu/arm/5.4.1/bin/../lib/gcc/arm-none-eabi/5.4.1/../../../../arm-none-eabi/lib/armv7-m\libg_nano.a(lib_a-errno.o)
                0x00000680                __errno
 .text.__libc_init_array
                0x0000068c       0x4c c:/program files (x86)/cypress/psoc creator/4.4/psoc creator/import/gnu/arm/5.4.1/bin/../lib/gcc/arm-none-eabi/5.4.1/../../../../arm-none-eabi/lib/armv7-m\libg_nano.a(lib_a-init.o)
                0x0000068c                __libc_init_array
 .text.memcpy   0x000006d8       0x16 c:/program files (x86)/cypress/psoc creator/4.4/psoc creator/import/gnu/arm/5.4.1/bin/../lib/gcc/arm-none-eabi/5.4.1/../../../../arm-none-eabi/lib/armv7-m\libg_nano.a(lib_a-memcpy-stub.o)
                0x000006d8                memcpy
 .text.memset   0x000006ee       0x10 c:/program files (x86)/cypress/psoc creator/4.4/psoc creator/import/gnu/arm/5.4.1/bin/../lib/gcc/arm-none-eabi/5.4.1/../../../../arm-none-eabi/lib/armv7-m\libg_nano.a(lib_a-memset.o)
                0x000006ee                memset
 *(.plt)
 *(.gnu.warning)
 *(.glue_7t)
 .glue_7t       0x000006fe        0x0 linker stubs
 *(.glue_7)
 .glue_7        0x000006fe        0x0 linker stubs
 *(.vfp11_veneer)
 .vfp11_veneer  0x000006fe        0x0 linker stubs
 *(.bootloader)
 *(.ARM.extab* .gnu.linkonce.armextab.*)
 *(.gcc_except_table)

.v4_bx          0x00000700        0x0
 .v4_bx         0x00000700        0x0 linker stubs

.iplt           0x00000700        0x0
 .iplt          0x00000700        0x0 c:/program files (x86)/cypress/psoc creator/4.4/psoc creator/import/gnu/arm/5.4.1/bin/../lib/gcc/arm-none-eabi/5.4.1/armv7-m/crtbegin.o

.eh_frame_hdr
 *(.eh_frame_hdr)

.eh_frame       0x00000700        0x4
 *(.eh_frame)
 .eh_frame      0x00000700        0x0 c:/program files (x86)/cypress/psoc creator/4.4/psoc creator/import/gnu/arm/5.4.1/bin/../lib/gcc/arm-none-eabi/5.4.1/armv7-m/crtbegin.o
 .eh_frame      0x00000700        0x4 c:/program files (x86)/cypress/psoc creator/4.4/psoc creator/import/gnu/arm/5.4.1/bin/../lib/gcc/arm-none-eabi/5.4.1/armv7-m/crtend.o
                [!provide]                PROVIDE (__exidx_start, .)

.ARM.exidx
 *(.ARM.exidx* .gnu.linkonce.armexidx.*)
                0x00000704                __exidx_end = .

.rodata         0x00000704       0x6c
 *(.rodata .rodata.* .gnu.linkonce.r.*)
 .rodata        0x00000704       0x30 .\CortexM3\ARM_GCC_541\Debug\cyfitter_cfg.o
 .rodata.str1.1
                0x00000734        0x2 c:/program files (x86)/cypress/psoc creator/4.4/psoc creator/import/gnu/arm/5.4.1/bin/../lib/gcc/arm-none-eabi/5.4.1/../../../../arm-none-eabi/lib/armv7-m\libg_nano.a(lib_a-impure.o)
                0x00000738                . = ALIGN (0x4)
 *fill*         0x00000736        0x2 
 *(.init)
 .init          0x00000738        0x4 c:/program files (x86)/cypress/psoc creator/4.4/psoc creator/import/gnu/arm/5.4.1/bin/../lib/gcc/arm-none-eabi/5.4.1/armv7-m/crti.o
                0x00000738                _init
 .init          0x0000073c        0x8 c:/program files (x86)/cypress/psoc creator/4.4/psoc creator/import/gnu/arm/5.4.1/bin/../lib/gcc/arm-none-eabi/5.4.1/armv7-m/crtn.o
                0x00000744                . = ALIGN (0x4)
                0x00000744                __preinit_array_start = .
 *(.preinit_array)
                0x00000744                __preinit_array_end = .
                0x00000744                . = ALIGN (0x4)
                0x00000744                __init_array_start = .
 *(SORT(.init_array.*))
 *(.init_array)
 .init_array    0x00000744        0x4 c:/program files (x86)/cypress/psoc creator/4.4/psoc creator/import/gnu/arm/5.4.1/bin/../lib/gcc/arm-none-eabi/5.4.1/armv7-m/crtbegin.o
 .init_array    0x00000748        0x4 .\CortexM3\ARM_GCC_541\Debug\Cm3Start.o
                0x0000074c                __init_array_end = .
                0x0000074c                . = ALIGN (0x4)
 *(.fini)
 .fini          0x0000074c        0x4 c:/program files (x86)/cypress/psoc creator/4.4/psoc creator/import/gnu/arm/5.4.1/bin/../lib/gcc/arm-none-eabi/5.4.1/armv7-m/crti.o
                0x0000074c                _fini
 .fini          0x00000750        0x8 c:/program files (x86)/cypress/psoc creator/4.4/psoc creator/import/gnu/arm/5.4.1/bin/../lib/gcc/arm-none-eabi/5.4.1/armv7-m/crtn.o
                0x00000758                . = ALIGN (0x4)
                0x00000758                __fini_array_start = .
 *(.fini_array)
 .fini_array    0x00000758        0x4 c:/program files (x86)/cypress/psoc creator/4.4/psoc creator/import/gnu/arm/5.4.1/bin/../lib/gcc/arm-none-eabi/5.4.1/armv7-m/crtbegin.o
 *(SORT(.fini_array.*))
                0x0000075c                __fini_array_end = .
                0x0000075c                . = ALIGN (0x4)
 *crtbegin.o(.ctors)
 *(EXCLUDE_FILE(*crtend.o) .ctors)
 *(SORT(.ctors.*))
 *crtend.o(.ctors)
                0x0000075c                . = ALIGN (0x4)
 *crtbegin.o(.dtors)
 *(EXCLUDE_FILE(*crtend.o) .dtors)
 *(SORT(.dtors.*))
 *crtend.o(.dtors)
                0x0000075c                . = ALIGN (0x4)
                0x0000075c                __cy_regions = .
                0x0000075c        0x4 LONG 0x770 __cy_region_init_ram
                0x00000760        0x4 LONG 0x1fff80c8 __cy_region_start_data
                0x00000764        0x4 LONG 0xa0 __cy_region_init_size_ram
                0x00000768        0x4 LONG 0x28 __cy_region_zero_size_ram
                0x0000076c                __cy_regions_end = .
                0x00000770                . = ALIGN (0x8)
 *fill*         0x0000076c        0x4 
                0x00000770                _etext = .

.cy_checksum_exclude
                0x00000770        0x0
 *(.cy_checksum_exclude)

.ramvectors     0x1fff8000       0xc0
                0x1fff8000                __cy_region_start_ram = .
 *(.ramvectors)
 .ramvectors    0x1fff8000       0xc0 .\CortexM3\ARM_GCC_541\Debug\Cm3Start.o
                0x1fff8000                CyRamVectors

.noinit         0x1fff80c0        0x1
 *(.noinit)
 .noinit        0x1fff80c0        0x1 .\CortexM3\ARM_GCC_541\Debug\Instrumentacion.a(CyLib.o)
                0x1fff80c0                CyResetStatus

.data           0x1fff80c8       0xa0 load address 0x00000770
                0x1fff80c8                __cy_region_start_data = .
 *(.jcr)
 .jcr           0x1fff80c8        0x0 c:/program files (x86)/cypress/psoc creator/4.4/psoc creator/import/gnu/arm/5.4.1/bin/../lib/gcc/arm-none-eabi/5.4.1/armv7-m/crtbegin.o
 .jcr           0x1fff80c8        0x4 c:/program files (x86)/cypress/psoc creator/4.4/psoc creator/import/gnu/arm/5.4.1/bin/../lib/gcc/arm-none-eabi/5.4.1/armv7-m/crtend.o
 *(.got.plt)
 *(.got)
 *(.shdata)
 *(.data .data.* .gnu.linkonce.d.*)
 .data          0x1fff80cc       0x23 .\CortexM3\ARM_GCC_541\Debug\main.o
                0x1fff80cc                basico
                0x1fff80d0                taxi
                0x1fff80d8                cera
                0x1fff80e0                motor
                0x1fff80e8                total
 *fill*         0x1fff80ef        0x1 
 .data          0x1fff80f0       0x10 .\CortexM3\ARM_GCC_541\Debug\Instrumentacion.a(CyLib.o)
                0x1fff80f0                cydelay_32k_ms
                0x1fff80f4                cydelay_freq_khz
                0x1fff80f8                cydelay_freq_mhz
                0x1fff80fc                cydelay_freq_hz
 .data.impure_data
                0x1fff8100       0x60 c:/program files (x86)/cypress/psoc creator/4.4/psoc creator/import/gnu/arm/5.4.1/bin/../lib/gcc/arm-none-eabi/5.4.1/../../../../arm-none-eabi/lib/armv7-m\libg_nano.a(lib_a-impure.o)
 .data._impure_ptr
                0x1fff8160        0x4 c:/program files (x86)/cypress/psoc creator/4.4/psoc creator/import/gnu/arm/5.4.1/bin/../lib/gcc/arm-none-eabi/5.4.1/../../../../arm-none-eabi/lib/armv7-m\libg_nano.a(lib_a-impure.o)
                0x1fff8160                _impure_ptr
                0x1fff8168                . = ALIGN (0x8)
 *fill*         0x1fff8164        0x4 
 *(.ram)
                0x1fff8168                _edata = .

.igot.plt       0x1fff8168        0x0 load address 0x00000810
 .igot.plt      0x1fff8168        0x0 c:/program files (x86)/cypress/psoc creator/4.4/psoc creator/import/gnu/arm/5.4.1/bin/../lib/gcc/arm-none-eabi/5.4.1/armv7-m/crtbegin.o

.bss            0x1fff8168       0x28 load address 0x00000810
                0x1fff8168                PROVIDE (__bss_start__, .)
 *(.shbss)
 *(.bss .bss.* .gnu.linkonce.b.*)
 .bss           0x1fff8168       0x1c c:/program files (x86)/cypress/psoc creator/4.4/psoc creator/import/gnu/arm/5.4.1/bin/../lib/gcc/arm-none-eabi/5.4.1/armv7-m/crtbegin.o
 .bss           0x1fff8184        0x4 .\CortexM3\ARM_GCC_541\Debug\main.o
                0x1fff8184                caracter
                0x1fff8185                b_serial
                0x1fff8186                posicion
                0x1fff8187                bandera
 .bss           0x1fff8188        0x2 .\CortexM3\ARM_GCC_541\Debug\Instrumentacion.a(Serial.o)
                0x1fff8188                Serial_initVar
 *(COMMON)
                0x1fff8190                . = ALIGN (0x8)
 *fill*         0x1fff818a        0x6 
 *(.ram.b)
                0x1fff8190                _end = .
                0x1fff8190                __end = .
                0x1fff8190                PROVIDE (end, .)
                0x1fff8190                PROVIDE (__bss_end__, .)
                0x00000770                __cy_region_init_ram = LOADADDR (.data)
                0x000000a0                __cy_region_init_size_ram = (_edata - ADDR (.data))
                0x00000028                __cy_region_zero_size_ram = (_end - _edata)

.heap           0x1fff8190       0x80 load address 0x00000810
                0x1fff8190                . = _end
                0x1fff8210                . = (. + 0x80)
 *fill*         0x1fff8190       0x80 
                0x1fff8210                __cy_heap_limit = .

.stack          0x20007800      0x800
                0x20007800                __cy_stack_limit = .
                0x20008000                . = (. + 0x800)
 *fill*         0x20007800      0x800 
                0x00000001                ASSERT ((__cy_stack_limit >= __cy_heap_limit), region RAM overflowed with stack)
                0x00000000                cy_checksum_exclude_size = (CY_APPL_LOADABLE == 0x1)?SIZEOF (.cy_checksum_exclude):0x0
                0x00000001                ASSERT ((cy_checksum_exclude_size <= CY_CHECKSUM_EXCLUDE_SIZE), CY_BOOT: Section .cy_checksum_exclude size exceedes specified limit.)

.cyloadermeta
 *(.cyloadermeta)

.cyloadablemeta
 *(.cyloadablemeta)

.cyconfigecc    0x80000000      0x3ac
 *(.cyconfigecc)
 .cyconfigecc   0x80000000      0x3ac .\CortexM3\ARM_GCC_541\Debug\cymetadata.o
                0x80000000                cy_meta_configecc

.cycustnvl      0x90000000        0x4
 *(.cycustnvl)
 .cycustnvl     0x90000000        0x4 .\CortexM3\ARM_GCC_541\Debug\cymetadata.o
                0x90000000                cy_meta_custnvl

.cywolatch      0x90100000        0x4
 *(.cywolatch)
 .cywolatch     0x90100000        0x4 .\CortexM3\ARM_GCC_541\Debug\cymetadata.o
                0x90100000                cy_meta_wonvl

.cyeeprom       0x90200000        0x0
 *(.cyeeprom)
                0x00000001                ASSERT ((. <= ((0x90200000 + ee_offset) + ee_size)), .cyeeprom data will not fit in EEPROM)

.cyflashprotect
                0x90400000      0x100
 *(.cyflashprotect)
 .cyflashprotect
                0x90400000      0x100 .\CortexM3\ARM_GCC_541\Debug\cymetadata.o
                0x90400000                cy_meta_flashprotect

.cymeta         0x90500000        0xc
 *(.cymeta)
 .cymeta        0x90500000        0xc .\CortexM3\ARM_GCC_541\Debug\cymetadata.o
                0x90500000                cy_metadata

.rel.dyn        0x00000810        0x0 load address 0x9050000c
 .rel.iplt      0x00000810        0x0 c:/program files (x86)/cypress/psoc creator/4.4/psoc creator/import/gnu/arm/5.4.1/bin/../lib/gcc/arm-none-eabi/5.4.1/armv7-m/crtbegin.o

.stab
 *(.stab)

.stabstr
 *(.stabstr)

.debug
 *(.debug)

.line
 *(.line)

.debug_srcinfo
 *(.debug_srcinfo)

.debug_sfnames
 *(.debug_sfnames)

.debug_aranges  0x00000000      0x7c8
 *(.debug_aranges)
 .debug_aranges
                0x00000000       0x28 .\CortexM3\ARM_GCC_541\Debug\main.o
 .debug_aranges
                0x00000028       0x80 .\CortexM3\ARM_GCC_541\Debug\Cypress_DevBoard.o
 .debug_aranges
                0x000000a8       0x58 .\CortexM3\ARM_GCC_541\Debug\cyfitter_cfg.o
 .debug_aranges
                0x00000100       0x18 .\CortexM3\ARM_GCC_541\Debug\cymetadata.o
 .debug_aranges
                0x00000118       0x48 .\CortexM3\ARM_GCC_541\Debug\Cm3Start.o
 .debug_aranges
                0x00000160       0xf0 .\CortexM3\ARM_GCC_541\Debug\Instrumentacion.a(Serial.o)
 .debug_aranges
                0x00000250       0x80 .\CortexM3\ARM_GCC_541\Debug\Instrumentacion.a(isrUART.o)
 .debug_aranges
                0x000002d0       0x70 .\CortexM3\ARM_GCC_541\Debug\Instrumentacion.a(Serial_IntClock.o)
 .debug_aranges
                0x00000340      0x2a0 .\CortexM3\ARM_GCC_541\Debug\Instrumentacion.a(CyLib.o)
 .debug_aranges
                0x000005e0       0x98 .\CortexM3\ARM_GCC_541\Debug\Instrumentacion.a(cyPm.o)
 .debug_aranges
                0x00000678       0x28 .\CortexM3\ARM_GCC_541\Debug\Instrumentacion.a(LEDS.o)
 .debug_aranges
                0x000006a0       0x20 .\CortexM3\ARM_GCC_541\Debug\Instrumentacion.a(CyBootAsmGnu.o)
 .debug_aranges
                0x000006c0       0x88 .\CortexM3\ARM_GCC_541\Debug\Instrumentacion.a(CyFlash.o)
 .debug_aranges
                0x00000748       0x80 .\CortexM3\ARM_GCC_541\Debug\Instrumentacion.a(CySpc.o)

.debug_pubnames
 *(.debug_pubnames)

.debug_info     0x00000000     0x4a30
 *(.debug_info .gnu.linkonce.wi.*)
 .debug_info    0x00000000      0x33e .\CortexM3\ARM_GCC_541\Debug\main.o
 .debug_info    0x0000033e      0x731 .\CortexM3\ARM_GCC_541\Debug\Cypress_DevBoard.o
 .debug_info    0x00000a6f      0x4c9 .\CortexM3\ARM_GCC_541\Debug\cyfitter_cfg.o
 .debug_info    0x00000f38      0x135 .\CortexM3\ARM_GCC_541\Debug\cymetadata.o
 .debug_info    0x0000106d      0x3bb .\CortexM3\ARM_GCC_541\Debug\Cm3Start.o
 .debug_info    0x00001428      0x60c .\CortexM3\ARM_GCC_541\Debug\Instrumentacion.a(Serial.o)
 .debug_info    0x00001a34      0x2d2 .\CortexM3\ARM_GCC_541\Debug\Instrumentacion.a(isrUART.o)
 .debug_info    0x00001d06      0x283 .\CortexM3\ARM_GCC_541\Debug\Instrumentacion.a(Serial_IntClock.o)
 .debug_info    0x00001f89     0x1374 .\CortexM3\ARM_GCC_541\Debug\Instrumentacion.a(CyLib.o)
 .debug_info    0x000032fd      0xa2a .\CortexM3\ARM_GCC_541\Debug\Instrumentacion.a(cyPm.o)
 .debug_info    0x00003d27       0xd6 .\CortexM3\ARM_GCC_541\Debug\Instrumentacion.a(LEDS.o)
 .debug_info    0x00003dfd       0x96 .\CortexM3\ARM_GCC_541\Debug\Instrumentacion.a(CyBootAsmGnu.o)
 .debug_info    0x00003e93      0x64d .\CortexM3\ARM_GCC_541\Debug\Instrumentacion.a(CyFlash.o)
 .debug_info    0x000044e0      0x550 .\CortexM3\ARM_GCC_541\Debug\Instrumentacion.a(CySpc.o)

.debug_abbrev   0x00000000     0x12a7
 *(.debug_abbrev)
 .debug_abbrev  0x00000000       0xeb .\CortexM3\ARM_GCC_541\Debug\main.o
 .debug_abbrev  0x000000eb      0x180 .\CortexM3\ARM_GCC_541\Debug\Cypress_DevBoard.o
 .debug_abbrev  0x0000026b      0x1fe .\CortexM3\ARM_GCC_541\Debug\cyfitter_cfg.o
 .debug_abbrev  0x00000469       0x66 .\CortexM3\ARM_GCC_541\Debug\cymetadata.o
 .debug_abbrev  0x000004cf      0x1e8 .\CortexM3\ARM_GCC_541\Debug\Cm3Start.o
 .debug_abbrev  0x000006b7      0x175 .\CortexM3\ARM_GCC_541\Debug\Instrumentacion.a(Serial.o)
 .debug_abbrev  0x0000082c      0x173 .\CortexM3\ARM_GCC_541\Debug\Instrumentacion.a(isrUART.o)
 .debug_abbrev  0x0000099f      0x139 .\CortexM3\ARM_GCC_541\Debug\Instrumentacion.a(Serial_IntClock.o)
 .debug_abbrev  0x00000ad8      0x254 .\CortexM3\ARM_GCC_541\Debug\Instrumentacion.a(CyLib.o)
 .debug_abbrev  0x00000d2c      0x1ab .\CortexM3\ARM_GCC_541\Debug\Instrumentacion.a(cyPm.o)
 .debug_abbrev  0x00000ed7       0x81 .\CortexM3\ARM_GCC_541\Debug\Instrumentacion.a(LEDS.o)
 .debug_abbrev  0x00000f58       0x14 .\CortexM3\ARM_GCC_541\Debug\Instrumentacion.a(CyBootAsmGnu.o)
 .debug_abbrev  0x00000f6c      0x1a7 .\CortexM3\ARM_GCC_541\Debug\Instrumentacion.a(CyFlash.o)
 .debug_abbrev  0x00001113      0x194 .\CortexM3\ARM_GCC_541\Debug\Instrumentacion.a(CySpc.o)

.debug_line     0x00000000     0x2027
 *(.debug_line)
 .debug_line    0x00000000      0x1c5 .\CortexM3\ARM_GCC_541\Debug\main.o
 .debug_line    0x000001c5      0x2db .\CortexM3\ARM_GCC_541\Debug\Cypress_DevBoard.o
 .debug_line    0x000004a0      0x1d7 .\CortexM3\ARM_GCC_541\Debug\cyfitter_cfg.o
 .debug_line    0x00000677      0x141 .\CortexM3\ARM_GCC_541\Debug\cymetadata.o
 .debug_line    0x000007b8      0x234 .\CortexM3\ARM_GCC_541\Debug\Cm3Start.o
 .debug_line    0x000009ec      0x2c0 .\CortexM3\ARM_GCC_541\Debug\Instrumentacion.a(Serial.o)
 .debug_line    0x00000cac      0x134 .\CortexM3\ARM_GCC_541\Debug\Instrumentacion.a(isrUART.o)
 .debug_line    0x00000de0      0x17e .\CortexM3\ARM_GCC_541\Debug\Instrumentacion.a(Serial_IntClock.o)
 .debug_line    0x00000f5e      0x816 .\CortexM3\ARM_GCC_541\Debug\Instrumentacion.a(CyLib.o)
 .debug_line    0x00001774      0x367 .\CortexM3\ARM_GCC_541\Debug\Instrumentacion.a(cyPm.o)
 .debug_line    0x00001adb       0x6c .\CortexM3\ARM_GCC_541\Debug\Instrumentacion.a(LEDS.o)
 .debug_line    0x00001b47       0x66 .\CortexM3\ARM_GCC_541\Debug\Instrumentacion.a(CyBootAsmGnu.o)
 .debug_line    0x00001bad      0x21a .\CortexM3\ARM_GCC_541\Debug\Instrumentacion.a(CyFlash.o)
 .debug_line    0x00001dc7      0x260 .\CortexM3\ARM_GCC_541\Debug\Instrumentacion.a(CySpc.o)

.debug_frame    0x00000000     0x14c8
 *(.debug_frame)
 .debug_frame   0x00000000       0x48 .\CortexM3\ARM_GCC_541\Debug\main.o
 .debug_frame   0x00000048      0x180 .\CortexM3\ARM_GCC_541\Debug\Cypress_DevBoard.o
 .debug_frame   0x000001c8       0xe4 .\CortexM3\ARM_GCC_541\Debug\cyfitter_cfg.o
 .debug_frame   0x000002ac       0xb8 .\CortexM3\ARM_GCC_541\Debug\Cm3Start.o
 .debug_frame   0x00000364      0x250 .\CortexM3\ARM_GCC_541\Debug\Instrumentacion.a(Serial.o)
 .debug_frame   0x000005b4      0x104 .\CortexM3\ARM_GCC_541\Debug\Instrumentacion.a(isrUART.o)
 .debug_frame   0x000006b8       0xe0 .\CortexM3\ARM_GCC_541\Debug\Instrumentacion.a(Serial_IntClock.o)
 .debug_frame   0x00000798      0x738 .\CortexM3\ARM_GCC_541\Debug\Instrumentacion.a(CyLib.o)
 .debug_frame   0x00000ed0      0x1f8 .\CortexM3\ARM_GCC_541\Debug\Instrumentacion.a(cyPm.o)
 .debug_frame   0x000010c8       0x30 .\CortexM3\ARM_GCC_541\Debug\Instrumentacion.a(LEDS.o)
 .debug_frame   0x000010f8      0x194 .\CortexM3\ARM_GCC_541\Debug\Instrumentacion.a(CyFlash.o)
 .debug_frame   0x0000128c      0x180 .\CortexM3\ARM_GCC_541\Debug\Instrumentacion.a(CySpc.o)
 .debug_frame   0x0000140c       0x20 c:/program files (x86)/cypress/psoc creator/4.4/psoc creator/import/gnu/arm/5.4.1/bin/../lib/gcc/arm-none-eabi/5.4.1/../../../../arm-none-eabi/lib/armv7-m\libg_nano.a(lib_a-errno.o)
 .debug_frame   0x0000142c       0x28 c:/program files (x86)/cypress/psoc creator/4.4/psoc creator/import/gnu/arm/5.4.1/bin/../lib/gcc/arm-none-eabi/5.4.1/../../../../arm-none-eabi/lib/armv7-m\libg_nano.a(lib_a-exit.o)
 .debug_frame   0x00001454       0x2c c:/program files (x86)/cypress/psoc creator/4.4/psoc creator/import/gnu/arm/5.4.1/bin/../lib/gcc/arm-none-eabi/5.4.1/../../../../arm-none-eabi/lib/armv7-m\libg_nano.a(lib_a-init.o)
 .debug_frame   0x00001480       0x28 c:/program files (x86)/cypress/psoc creator/4.4/psoc creator/import/gnu/arm/5.4.1/bin/../lib/gcc/arm-none-eabi/5.4.1/../../../../arm-none-eabi/lib/armv7-m\libg_nano.a(lib_a-memcpy-stub.o)
 .debug_frame   0x000014a8       0x20 c:/program files (x86)/cypress/psoc creator/4.4/psoc creator/import/gnu/arm/5.4.1/bin/../lib/gcc/arm-none-eabi/5.4.1/../../../../arm-none-eabi/lib/armv7-m\libg_nano.a(lib_a-memset.o)

.debug_str      0x00000000     0x1a19
 *(.debug_str)
 .debug_str     0x00000000      0x206 .\CortexM3\ARM_GCC_541\Debug\main.o
                                0x24e (size before relaxing)
 .debug_str     0x00000206      0x153 .\CortexM3\ARM_GCC_541\Debug\Cypress_DevBoard.o
                                0x2fb (size before relaxing)
 .debug_str     0x00000359      0x181 .\CortexM3\ARM_GCC_541\Debug\cyfitter_cfg.o
                                0x315 (size before relaxing)
 .debug_str     0x000004da       0x7f .\CortexM3\ARM_GCC_541\Debug\cymetadata.o
                                0x1ea (size before relaxing)
 .debug_str     0x00000559      0x144 .\CortexM3\ARM_GCC_541\Debug\Cm3Start.o
                                0x310 (size before relaxing)
 .debug_str     0x0000069d      0x2e7 .\CortexM3\ARM_GCC_541\Debug\Instrumentacion.a(Serial.o)
                                0x4b9 (size before relaxing)
 .debug_str     0x00000984      0x10a .\CortexM3\ARM_GCC_541\Debug\Instrumentacion.a(isrUART.o)
                                0x2c8 (size before relaxing)
 .debug_str     0x00000a8e      0x19d .\CortexM3\ARM_GCC_541\Debug\Instrumentacion.a(Serial_IntClock.o)
                                0x354 (size before relaxing)
 .debug_str     0x00000c2b      0x7fa .\CortexM3\ARM_GCC_541\Debug\Instrumentacion.a(CyLib.o)
                                0xa4d (size before relaxing)
 .debug_str     0x00001425      0x365 .\CortexM3\ARM_GCC_541\Debug\Instrumentacion.a(cyPm.o)
                                0x739 (size before relaxing)
 .debug_str     0x0000178a       0x28 .\CortexM3\ARM_GCC_541\Debug\Instrumentacion.a(LEDS.o)
                                0x1b2 (size before relaxing)
 .debug_str     0x000017b2      0x1bb .\CortexM3\ARM_GCC_541\Debug\Instrumentacion.a(CyFlash.o)
                                0x3c6 (size before relaxing)
 .debug_str     0x0000196d       0xac .\CortexM3\ARM_GCC_541\Debug\Instrumentacion.a(CySpc.o)
                                0x33e (size before relaxing)

.debug_loc      0x00000000     0x1fd2
 *(.debug_loc)
 .debug_loc     0x00000000      0x231 .\CortexM3\ARM_GCC_541\Debug\Cypress_DevBoard.o
 .debug_loc     0x00000231      0x1d7 .\CortexM3\ARM_GCC_541\Debug\cyfitter_cfg.o
 .debug_loc     0x00000408      0x144 .\CortexM3\ARM_GCC_541\Debug\Cm3Start.o
 .debug_loc     0x0000054c      0x258 .\CortexM3\ARM_GCC_541\Debug\Instrumentacion.a(Serial.o)
 .debug_loc     0x000007a4       0x56 .\CortexM3\ARM_GCC_541\Debug\Instrumentacion.a(isrUART.o)
 .debug_loc     0x000007fa      0x12c .\CortexM3\ARM_GCC_541\Debug\Instrumentacion.a(Serial_IntClock.o)
 .debug_loc     0x00000926      0xa11 .\CortexM3\ARM_GCC_541\Debug\Instrumentacion.a(CyLib.o)
 .debug_loc     0x00001337      0x1e4 .\CortexM3\ARM_GCC_541\Debug\Instrumentacion.a(cyPm.o)
 .debug_loc     0x0000151b      0x3b2 .\CortexM3\ARM_GCC_541\Debug\Instrumentacion.a(CyFlash.o)
 .debug_loc     0x000018cd      0x705 .\CortexM3\ARM_GCC_541\Debug\Instrumentacion.a(CySpc.o)

.debug_macinfo
 *(.debug_macinfo)

.debug_ranges   0x00000000      0x6d0
 *(.debug_ranges)
 .debug_ranges  0x00000000       0x18 .\CortexM3\ARM_GCC_541\Debug\main.o
 .debug_ranges  0x00000018       0x70 .\CortexM3\ARM_GCC_541\Debug\Cypress_DevBoard.o
 .debug_ranges  0x00000088       0x48 .\CortexM3\ARM_GCC_541\Debug\cyfitter_cfg.o
 .debug_ranges  0x000000d0       0x38 .\CortexM3\ARM_GCC_541\Debug\Cm3Start.o
 .debug_ranges  0x00000108       0xe0 .\CortexM3\ARM_GCC_541\Debug\Instrumentacion.a(Serial.o)
 .debug_ranges  0x000001e8       0x70 .\CortexM3\ARM_GCC_541\Debug\Instrumentacion.a(isrUART.o)
 .debug_ranges  0x00000258       0x60 .\CortexM3\ARM_GCC_541\Debug\Instrumentacion.a(Serial_IntClock.o)
 .debug_ranges  0x000002b8      0x290 .\CortexM3\ARM_GCC_541\Debug\Instrumentacion.a(CyLib.o)
 .debug_ranges  0x00000548       0x88 .\CortexM3\ARM_GCC_541\Debug\Instrumentacion.a(cyPm.o)
 .debug_ranges  0x000005d0       0x18 .\CortexM3\ARM_GCC_541\Debug\Instrumentacion.a(LEDS.o)
 .debug_ranges  0x000005e8       0x78 .\CortexM3\ARM_GCC_541\Debug\Instrumentacion.a(CyFlash.o)
 .debug_ranges  0x00000660       0x70 .\CortexM3\ARM_GCC_541\Debug\Instrumentacion.a(CySpc.o)

.comment        0x00000000       0x6e
 .comment       0x00000000       0x6e .\CortexM3\ARM_GCC_541\Debug\main.o
                                 0x6f (size before relaxing)
 .comment       0x0000006e       0x6f .\CortexM3\ARM_GCC_541\Debug\Cypress_DevBoard.o
 .comment       0x0000006e       0x6f .\CortexM3\ARM_GCC_541\Debug\cyfitter_cfg.o
 .comment       0x0000006e       0x6f .\CortexM3\ARM_GCC_541\Debug\cymetadata.o
 .comment       0x0000006e       0x6f .\CortexM3\ARM_GCC_541\Debug\Cm3Start.o
 .comment       0x0000006e       0x6f .\CortexM3\ARM_GCC_541\Debug\Instrumentacion.a(Serial.o)
 .comment       0x0000006e       0x6f .\CortexM3\ARM_GCC_541\Debug\Instrumentacion.a(isrUART.o)
 .comment       0x0000006e       0x6f .\CortexM3\ARM_GCC_541\Debug\Instrumentacion.a(Serial_IntClock.o)
 .comment       0x0000006e       0x6f .\CortexM3\ARM_GCC_541\Debug\Instrumentacion.a(CyLib.o)
 .comment       0x0000006e       0x6f .\CortexM3\ARM_GCC_541\Debug\Instrumentacion.a(cyPm.o)
 .comment       0x0000006e       0x6f .\CortexM3\ARM_GCC_541\Debug\Instrumentacion.a(LEDS.o)
 .comment       0x0000006e       0x6f .\CortexM3\ARM_GCC_541\Debug\Instrumentacion.a(CyFlash.o)
 .comment       0x0000006e       0x6f .\CortexM3\ARM_GCC_541\Debug\Instrumentacion.a(CySpc.o)

.debug_weaknames
 *(.debug_weaknames)

.debug_funcnames
 *(.debug_funcnames)

.debug_typenames
 *(.debug_typenames)

.debug_varnames
 *(.debug_varnames)

.note.gnu.arm.ident
 *(.note.gnu.arm.ident)

.ARM.attributes
                0x00000000       0x29
 *(.ARM.attributes)
 .ARM.attributes
                0x00000000       0x1d c:/program files (x86)/cypress/psoc creator/4.4/psoc creator/import/gnu/arm/5.4.1/bin/../lib/gcc/arm-none-eabi/5.4.1/armv7-m/crti.o
 .ARM.attributes
                0x0000001d       0x2d c:/program files (x86)/cypress/psoc creator/4.4/psoc creator/import/gnu/arm/5.4.1/bin/../lib/gcc/arm-none-eabi/5.4.1/armv7-m/crtbegin.o
 .ARM.attributes
                0x0000004a       0x1b c:/program files (x86)/cypress/psoc creator/4.4/psoc creator/import/gnu/arm/5.4.1/bin/../lib/gcc/arm-none-eabi/5.4.1/../../../../arm-none-eabi/lib/armv7-m/crt0.o
 .ARM.attributes
                0x00000065       0x33 .\CortexM3\ARM_GCC_541\Debug\main.o
 .ARM.attributes
                0x00000098       0x33 .\CortexM3\ARM_GCC_541\Debug\Cypress_DevBoard.o
 .ARM.attributes
                0x000000cb       0x33 .\CortexM3\ARM_GCC_541\Debug\cyfitter_cfg.o
 .ARM.attributes
                0x000000fe       0x33 .\CortexM3\ARM_GCC_541\Debug\cymetadata.o
 .ARM.attributes
                0x00000131       0x33 .\CortexM3\ARM_GCC_541\Debug\Cm3Start.o
 .ARM.attributes
                0x00000164       0x33 .\CortexM3\ARM_GCC_541\Debug\Instrumentacion.a(Serial.o)
 .ARM.attributes
                0x00000197       0x33 .\CortexM3\ARM_GCC_541\Debug\Instrumentacion.a(isrUART.o)
 .ARM.attributes
                0x000001ca       0x33 .\CortexM3\ARM_GCC_541\Debug\Instrumentacion.a(Serial_IntClock.o)
 .ARM.attributes
                0x000001fd       0x33 .\CortexM3\ARM_GCC_541\Debug\Instrumentacion.a(CyLib.o)
 .ARM.attributes
                0x00000230       0x33 .\CortexM3\ARM_GCC_541\Debug\Instrumentacion.a(cyPm.o)
 .ARM.attributes
                0x00000263       0x33 .\CortexM3\ARM_GCC_541\Debug\Instrumentacion.a(LEDS.o)
 .ARM.attributes
                0x00000296       0x21 .\CortexM3\ARM_GCC_541\Debug\Instrumentacion.a(CyBootAsmGnu.o)
 .ARM.attributes
                0x000002b7       0x33 .\CortexM3\ARM_GCC_541\Debug\Instrumentacion.a(CyFlash.o)
 .ARM.attributes
                0x000002ea       0x33 .\CortexM3\ARM_GCC_541\Debug\Instrumentacion.a(CySpc.o)
 .ARM.attributes
                0x0000031d       0x2d c:/program files (x86)/cypress/psoc creator/4.4/psoc creator/import/gnu/arm/5.4.1/bin/../lib/gcc/arm-none-eabi/5.4.1/../../../../arm-none-eabi/lib/armv7-m\libg_nano.a(lib_a-errno.o)
 .ARM.attributes
                0x0000034a       0x2d c:/program files (x86)/cypress/psoc creator/4.4/psoc creator/import/gnu/arm/5.4.1/bin/../lib/gcc/arm-none-eabi/5.4.1/../../../../arm-none-eabi/lib/armv7-m\libg_nano.a(lib_a-exit.o)
 .ARM.attributes
                0x00000377       0x2d c:/program files (x86)/cypress/psoc creator/4.4/psoc creator/import/gnu/arm/5.4.1/bin/../lib/gcc/arm-none-eabi/5.4.1/../../../../arm-none-eabi/lib/armv7-m\libg_nano.a(lib_a-impure.o)
 .ARM.attributes
                0x000003a4       0x2d c:/program files (x86)/cypress/psoc creator/4.4/psoc creator/import/gnu/arm/5.4.1/bin/../lib/gcc/arm-none-eabi/5.4.1/../../../../arm-none-eabi/lib/armv7-m\libg_nano.a(lib_a-init.o)
 .ARM.attributes
                0x000003d1       0x2d c:/program files (x86)/cypress/psoc creator/4.4/psoc creator/import/gnu/arm/5.4.1/bin/../lib/gcc/arm-none-eabi/5.4.1/../../../../arm-none-eabi/lib/armv7-m\libg_nano.a(lib_a-memcpy-stub.o)
 .ARM.attributes
                0x000003fe       0x2d c:/program files (x86)/cypress/psoc creator/4.4/psoc creator/import/gnu/arm/5.4.1/bin/../lib/gcc/arm-none-eabi/5.4.1/../../../../arm-none-eabi/lib/armv7-m\libg_nano.a(lib_a-memset.o)
 .ARM.attributes
                0x0000042b       0x2d c:/program files (x86)/cypress/psoc creator/4.4/psoc creator/import/gnu/arm/5.4.1/bin/../lib/gcc/arm-none-eabi/5.4.1/armv7-m/crtend.o
 .ARM.attributes
                0x00000458       0x1d c:/program files (x86)/cypress/psoc creator/4.4/psoc creator/import/gnu/arm/5.4.1/bin/../lib/gcc/arm-none-eabi/5.4.1/armv7-m/crtn.o

/DISCARD/
 *(.note.GNU-stack)
OUTPUT(C:\Users\HP\Desktop\Salma_Aguayo\Microcontrolador\Instrumentacion.cydsn\CortexM3\ARM_GCC_541\Debug\Instrumentacion.elf elf32-littlearm)
